Turbo Assembler	 Version 3.1	    12/06/20 14:48:51	    Page 1
sample.asm



      1	0000			     data segment para public "data"
      2	0000  0000		     a dw 0
      3	0002  0000		     b dw 0
      4	0004  0000		     c dw 0
      5	0006  0000		     d dw 0
      6	0008  20*(0A)		     PRINT_BUF DB ' ' DUP(10)
      7	0028  24		     BUFEND DB '$'
      8	0029			     data ends
      9	0000			     stk segment stack
     10	0000  0100*(3F)		     db	256 dup	("?")
     11	0100			     stk ends
     12	0000			     code segment para public "code"
     13	0000			     main proc
     14				     assume cs:code,ds:data,ss:stk
     15	0000  B8 0000s		     mov ax,data
     16	0003  8E D8		     mov ds,ax
     17	0005  C7 06 0000r 0002	     mov a,2
     18	000B  C7 06 0002r 0002	     mov b,2
     19	0011  C7 06 0004r 0002	     mov c,2
     20	0017  B8 0002		     mov ax,2
     21	001A  50		     push ax
     22	001B  B8 0002		     mov ax,2
     23	001E  50		     push ax
     24	001F  B8 0002		     mov ax,2
     25	0022  50		     push ax
     26	0023  5B		     pop bx
     27	0024  58		     pop ax
     28	0025  F7 E3		     mul bx
     29	0027  50		     push ax
     30	0028  5B		     pop bx
     31	0029  58		     pop ax
     32	002A  03 C3		     add ax,bx
     33	002C  50		     push ax
     34	002D  A3 0006r		     mov d, ax
     35	0030  50		     push ax
     36	0031  A1 0006r		     mov ax, d
     37	0034  E8 0006		     CALL PRINT
     38	0037  58		     pop ax
     39	0038  B8 4C00		     mov ax,4c00h
     40	003B  CD 21		     int 21h
     41	003D			     main endp
     42	003D			     PRINT PROC	NEAR
     43	003D  B9 000A		     MOV CX, 10
     44	0040  BF 0020		     MOV DI, BUFEND - PRINT_BUF
     45	0043			     PRINT_LOOP:
     46	0043  BA 0000		     MOV DX, 0
     47	0046  F7 F1		     DIV CX
     48	0048  80 C2 30		     ADD DL, '0'
     49	004B  88 95 0007r	     MOV [PRINT_BUF + DI - 1], DL
     50	004F  4F		     DEC DI
     51	0050  3C 00		     CMP AL, 0
     52	0052  75 EF		     JNE PRINT_LOOP
     53	0054  BA 0008r		     LEA DX, PRINT_BUF
     54	0057  03 D7		     ADD DX, DI
     55	0059  B4 09		     MOV AH, 09H
     56	005B  CD 21		     INT 21H
     57	005D  C3		     RET
Turbo Assembler	 Version 3.1	    12/06/20 14:48:51	    Page 2
sample.asm



     58	005E			     PRINT ENDP
     59	005E			     code ends
     60				     end main
Turbo Assembler	 Version 3.1	    12/06/20 14:48:51	    Page 3
Symbol Table




Symbol Name			  Type	 Value

??DATE				  Text	 "12/06/20"
??FILENAME			  Text	 "sample  "
??TIME				  Text	 "14:48:51"
??VERSION			  Number 030A
@CPU				  Text	 0101H
@CURSEG				  Text	 CODE
@FILENAME			  Text	 SAMPLE
@WORDSIZE			  Text	 2
A				  Word	 DATA:0000
B				  Word	 DATA:0002
BUFEND				  Byte	 DATA:0028
C				  Word	 DATA:0004
D				  Word	 DATA:0006
MAIN				  Near	 CODE:0000
PRINT				  Near	 CODE:003D
PRINT_BUF			  Byte	 DATA:0008
PRINT_LOOP			  Near	 CODE:0043

Groups & Segments		  Bit Size Align  Combine Class

CODE				  16  005E Para	  Public  CODE
DATA				  16  0029 Para	  Public  DATA
STK				  16  0100 Para	  Stack
