Turbo Assembler	 Version 3.1	    09/17/20 17:56:46	    Page 1
sample.asm



      1	0000			     data segment para public "data"
      2	0000  0000		     a dw 0b
      3	0002  0000		     b dw 0b
      4	0004  0000		     c dw 0b
      5	0006  20*(0A)		     PRINT_BUF DB ' ' DUP(10)
      6	0026  24		     BUFEND DB '$'
      7	0027			     data ends
      8	0000			     stk segment stack
      9	0000  0100*(3F)		     db	256 dup	("?")
     10	0100			     stk ends
     11	0000			     code segment para public "code"
     12	0000			     main proc
     13				     assume cs:code,ds:data,ss:stk
     14	0000  B8 0000s		     mov ax,data
     15	0003  8E D8		     mov ds,ax
     16	0005  C7 06 0000r 0000	     mov a,0b
     17	000B  C7 06 0002r 0001	     mov b,1b
     18	0011  B8 0000		     mov ax,0b
     19	0014  50		     push ax
     20	0015  A3 0004r		     mov c, ax
     21	0018  50		     push ax
     22	0019  A1 0004r		     mov ax, c
     23	001C  E8 0006		     CALL PRINT
     24	001F  58		     pop ax
     25	0020  B8 4C00		     mov ax,4c00h
     26	0023  CD 21		     int 21h
     27	0025			     main endp
     28	0025			     PRINT PROC	NEAR
     29	0025  B9 000A		     MOV CX, 10
     30	0028  BF 0020		     MOV DI, BUFEND - PRINT_BUF
     31	002B			     PRINT_LOOP:
     32	002B  BA 0000		     MOV DX, 0
     33	002E  F7 F1		     DIV CX
     34	0030  80 C2 30		     ADD DL, '0'
     35	0033  88 95 0005r	     MOV [PRINT_BUF + DI - 1], DL
     36	0037  4F		     DEC DI
     37	0038  3C 00		     CMP AL, 0
     38	003A  75 EF		     JNE PRINT_LOOP
     39	003C  BA 0006r		     LEA DX, PRINT_BUF
     40	003F  03 D7		     ADD DX, DI
     41	0041  B4 09		     MOV AH, 09H
     42	0043  CD 21		     INT 21H
     43	0045  C3		     RET
     44	0046			     PRINT ENDP
     45	0046			     code ends
     46				     end main
Turbo Assembler	 Version 3.1	    09/17/20 17:56:46	    Page 2
Symbol Table




Symbol Name			  Type	 Value

??DATE				  Text	 "09/17/20"
??FILENAME			  Text	 "sample  "
??TIME				  Text	 "17:56:46"
??VERSION			  Number 030A
@CPU				  Text	 0101H
@CURSEG				  Text	 CODE
@FILENAME			  Text	 SAMPLE
@WORDSIZE			  Text	 2
A				  Word	 DATA:0000
B				  Word	 DATA:0002
BUFEND				  Byte	 DATA:0026
C				  Word	 DATA:0004
MAIN				  Near	 CODE:0000
PRINT				  Near	 CODE:0025
PRINT_BUF			  Byte	 DATA:0006
PRINT_LOOP			  Near	 CODE:002B

Groups & Segments		  Bit Size Align  Combine Class

CODE				  16  0046 Para	  Public  CODE
DATA				  16  0027 Para	  Public  DATA
STK				  16  0100 Para	  Stack
