Turbo Assembler	 Version 3.1	    11/07/20 20:50:45	    Page 1
sample.asm



      1	0000			     data segment para public "data"
      2	0000  0000		     a dw 0b
      3	0002  0000		     b dw 0b
      4	0004  0000		     c dw 0b
      5	0006  0000		     d dw 0b
      6	0008  20*(0A)		     PRINT_BUF DB ' ' DUP(10)
      7	0028  24		     BUFEND DB '$'
      8	0029			     data ends
      9	0000			     stk segment stack
     10	0000  0100*(3F)		     db	256 dup	("?")
     11	0100			     stk ends
     12	0000			     code segment para public "code"
     13	0000			     main proc
     14				     assume cs:code,ds:data,ss:stk
     15	0000  B8 0000s		     mov ax,data
     16	0003  8E D8		     mov ds,ax
     17	0005  C7 06 0000r 0000	     mov a,0b
     18	000B  50		     push ax
     19	000C  A1 0000r		     mov ax, a
     20	000F  E8 0006		     CALL PRINT
     21	0012  58		     pop ax
     22	0013  B8 4C00		     mov ax,4c00h
     23	0016  CD 21		     int 21h
     24	0018			     main endp
     25	0018			     PRINT PROC	NEAR
     26	0018  B9 000A		     MOV CX, 10
     27	001B  BF 0020		     MOV DI, BUFEND - PRINT_BUF
     28	001E			     PRINT_LOOP:
     29	001E  BA 0000		     MOV DX, 0
     30	0021  F7 F1		     DIV CX
     31	0023  80 C2 30		     ADD DL, '0'
     32	0026  88 95 0007r	     MOV [PRINT_BUF + DI - 1], DL
     33	002A  4F		     DEC DI
     34	002B  3C 00		     CMP AL, 0
     35	002D  75 EF		     JNE PRINT_LOOP
     36	002F  BA 0008r		     LEA DX, PRINT_BUF
     37	0032  03 D7		     ADD DX, DI
     38	0034  B4 09		     MOV AH, 09H
     39	0036  CD 21		     INT 21H
     40	0038  C3		     RET
     41	0039			     PRINT ENDP
     42	0039			     code ends
     43				     end main
Turbo Assembler	 Version 3.1	    11/07/20 20:50:45	    Page 2
Symbol Table




Symbol Name			  Type	 Value

??DATE				  Text	 "11/07/20"
??FILENAME			  Text	 "sample  "
??TIME				  Text	 "20:50:45"
??VERSION			  Number 030A
@CPU				  Text	 0101H
@CURSEG				  Text	 CODE
@FILENAME			  Text	 SAMPLE
@WORDSIZE			  Text	 2
A				  Word	 DATA:0000
B				  Word	 DATA:0002
BUFEND				  Byte	 DATA:0028
C				  Word	 DATA:0004
D				  Word	 DATA:0006
MAIN				  Near	 CODE:0000
PRINT				  Near	 CODE:0018
PRINT_BUF			  Byte	 DATA:0008
PRINT_LOOP			  Near	 CODE:001E

Groups & Segments		  Bit Size Align  Combine Class

CODE				  16  0039 Para	  Public  CODE
DATA				  16  0029 Para	  Public  DATA
STK				  16  0100 Para	  Stack
